[www.skylinefilms.tv/index.html]
[backblue.gif]
[fade.gif]
[index.html]
[skylinefilms-jbazxwak9vv.netdna-ssl.com/src/media/screenshot.jpg]
[skylinefilms-jbazxwak9vv.netdna-ssl.com/src/favicon/apple-touch-icon.png]
[skylinefilms-jbazxwak9vv.netdna-ssl.com/src/favicon/favicon-32x32.png]
[skylinefilms-jbazxwak9vv.netdna-ssl.com/src/favicon/favicon-16x16.png]
[skylinefilms-jbazxwak9vv.netdna-ssl.com/src/favicon/safari-pinned-tab.svg]
[www.skylinefilms.tv/about.html]
[www.skylinefilms.tv/contact.html]
[www.skylinefilms.tv/privacy-policy.html]
[www.skylinefilms.tv/index.html]
[skylinefilms-jbazxwak9vv.netdna-ssl.com/js/vendors.a61395664b14540aeff7.js]
[skylinefilms-jbazxwak9vv.netdna-ssl.com/src/media/about/mentor-award-1.jpg]
[skylinefilms-jbazxwak9vv.netdna-ssl.com/src/media/about/mentor-award-2.jpg]
[skylinefilms-jbazxwak9vv.netdna-ssl.com/src/media/about/mentor-award-3.jpg]
[skylinefilms-jbazxwak9vv.netdna-ssl.com/src/media/about/mentor-award-4.jpg]
[www.skylinefilms.tv/film-producing-service.html]
[skylinefilms-jbazxwak9vv.netdna-ssl.com/src/media/about/services1a.jpg]
[www.skylinefilms.tv/film-production-consultancy.html]
[skylinefilms-jbazxwak9vv.netdna-ssl.com/src/media/about/services2a.jpg]
[www.skylinefilms.tv/film-scheduling-and-budgeting-service.html]
[skylinefilms-jbazxwak9vv.netdna-ssl.com/src/media/about/services3a.jpg]
[www.skylinefilms.tv/film-production-training.html]
[skylinefilms-jbazxwak9vv.netdna-ssl.com/src/media/about/services4a.jpg]
[skylinefilms-jbazxwak9vv.netdna-ssl.com/src/media/about/footer-people.jpg]
[www.skylinefilms.tv/steve-clark-hall.html]
[www.skylinefilms.tv/mairi-bett.html]
[skylinefilms-jbazxwak9vv.netdna-ssl.com/src/media/gallery/sherlock-holmes/sherlock-holmes1.jpg]
[www.skylinefilms.tv/about.html]
[www.skylinefilms.tv/contact.html]
[www.skylinefilms.tv/404.html]
[www.skylinefilms.tv/privacy-policy.html]
[skylinefilms-jbazxwak9vv.netdna-ssl.com/src/media/service/producing1.jpg]
[skylinefilms-jbazxwak9vv.netdna-ssl.com/src/media/service/producing2.jpg]
[skylinefilms-jbazxwak9vv.netdna-ssl.com/src/media/service/producing3.jpg]
[www.skylinefilms.tv/film-producing-service.html]
[skylinefilms-jbazxwak9vv.netdna-ssl.com/src/media/service/consultancy1.jpg]
[skylinefilms-jbazxwak9vv.netdna-ssl.com/src/media/service/consultancy2.jpg]
[skylinefilms-jbazxwak9vv.netdna-ssl.com/src/media/service/consultancy3.jpg]
[skylinefilms-jbazxwak9vv.netdna-ssl.com/src/media/service/consultancy4.jpg]
[www.skylinefilms.tv/film-production-consultancy.html]
[skylinefilms-jbazxwak9vv.netdna-ssl.com/src/media/service/schedule1.jpg]
[skylinefilms-jbazxwak9vv.netdna-ssl.com/src/media/service/schedule2.jpg]
[skylinefilms-jbazxwak9vv.netdna-ssl.com/src/media/service/schedule3.jpg]
[skylinefilms-jbazxwak9vv.netdna-ssl.com/src/media/service/schedule4.jpg]
[www.skylinefilms.tv/film-scheduling-and-budgeting-service.html]
[skylinefilms-jbazxwak9vv.netdna-ssl.com/src/media/service/training1.jpg]
[skylinefilms-jbazxwak9vv.netdna-ssl.com/src/media/service/training2.jpg]
[skylinefilms-jbazxwak9vv.netdna-ssl.com/src/media/service/training4.jpg]
[www.skylinefilms.tv/film-production-training.html]
[skylinefilms-jbazxwak9vv.netdna-ssl.com/src/media/service/steve1.jpg]
[skylinefilms-jbazxwak9vv.netdna-ssl.com/src/media/service/steve2.jpg]
[skylinefilms-jbazxwak9vv.netdna-ssl.com/src/media/service/steve3.jpg]
[www.skylinefilms.tv/steve-clark-hall.html]
[skylinefilms-jbazxwak9vv.netdna-ssl.com/src/media/service/steve4-3.jpg]
[skylinefilms-jbazxwak9vv.netdna-ssl.com/src/media/service/mairi1.jpg]
[skylinefilms-jbazxwak9vv.netdna-ssl.com/src/media/service/mairi2.jpg]
[skylinefilms-jbazxwak9vv.netdna-ssl.com/src/media/service/mairi3.jpg]
[skylinefilms-jbazxwak9vv.netdna-ssl.com/src/media/service/mairi4.jpg]
[www.skylinefilms.tv/mairi-bett.html]
[www.skylinefilms.tv/404.html]
[skylinefilms-jbazxwak9vv.netdna-ssl.com/src/media/about/mentor-award-1.jpg]
[skylinefilms-jbazxwak9vv.netdna-ssl.com/src/media/about/services1a.jpg]
[skylinefilms-jbazxwak9vv.netdna-ssl.com/src/favicon/safari-pinned-tab.svg]
[skylinefilms-jbazxwak9vv.netdna-ssl.com/js/vendors.a61395664b14540aeff7.js]
[skylinefilms-jbazxwak9vv.netdna-ssl.com/src/media/about/services2a.jpg]
[www.skylinefilms.tv/film-production-consultancy.html]
[skylinefilms-jbazxwak9vv.netdna-ssl.com/src/media/about/services4a.jpg]
[skylinefilms-jbazxwak9vv.netdna-ssl.com/src/media/about/footer-people.jpg]
[skylinefilms-jbazxwak9vv.netdna-ssl.com/src/media/service/producing3.jpg]
[www.skylinefilms.tv/film-scheduling-and-budgeting-service.html]
[skylinefilms-jbazxwak9vv.netdna-ssl.com/src/media/service/consultancy1.jpg]
[skylinefilms-jbazxwak9vv.netdna-ssl.com/src/media/service/consultancy2.jpg]
[skylinefilms-jbazxwak9vv.netdna-ssl.com/src/media/service/consultancy3.jpg]
[skylinefilms-jbazxwak9vv.netdna-ssl.com/src/media/service/schedule2.jpg]
[www.skylinefilms.tv/steve-clark-hall.html]
[skylinefilms-jbazxwak9vv.netdna-ssl.com/src/media/service/training1.jpg]
[skylinefilms-jbazxwak9vv.netdna-ssl.com/src/media/service/training2.jpg]
[skylinefilms-jbazxwak9vv.netdna-ssl.com/src/media/service/steve1.jpg]
[skylinefilms-jbazxwak9vv.netdna-ssl.com/src/media/service/steve2.jpg]
[skylinefilms-jbazxwak9vv.netdna-ssl.com/js/app.76465490137e36714a48.js]
[skylinefilms-jbazxwak9vv.netdna-ssl.com/src/media/service/steve3.jpg]
[skylinefilms-jbazxwak9vv.netdna-ssl.com/src/media/service/producing4.jpg]
[skylinefilms-jbazxwak9vv.netdna-ssl.com/src/media/service/training3.jpg]
